Jun. 22, 2022 4:14:54 P.M. org.bouncycastle.jsse.provider.PropertyUtils getBooleanSystemProperty
FINE: Boolean system property [jdk.tls.allowLegacyMasterSecret] defaulted to: true
Jun. 22, 2022 4:14:54 P.M. org.bouncycastle.jsse.provider.PropertyUtils getBooleanSystemProperty
FINE: Boolean system property [jdk.tls.allowLegacyResumption] defaulted to: false
Jun. 22, 2022 4:14:54 P.M. org.bouncycastle.jsse.provider.PropertyUtils getIntegerSystemProperty
FINE: Integer system property [jdk.tls.maxCertificateChainLength] defaulted to: 10
Jun. 22, 2022 4:14:54 P.M. org.bouncycastle.jsse.provider.PropertyUtils getIntegerSystemProperty
FINE: Integer system property [jdk.tls.maxHandshakeMessageSize] defaulted to: 32768
Jun. 22, 2022 4:14:54 P.M. org.bouncycastle.jsse.provider.PropertyUtils getBooleanSystemProperty
FINE: Boolean system property [com.sun.net.ssl.requireCloseNotify] defaulted to: true
Jun. 22, 2022 4:14:54 P.M. org.bouncycastle.jsse.provider.PropertyUtils getBooleanSystemProperty
FINE: Boolean system property [jdk.tls.useExtendedMasterSecret] defaulted to: true
Jun. 22, 2022 4:14:54 P.M. org.bouncycastle.jsse.provider.PropertyUtils getBooleanSystemProperty
FINE: Boolean system property [org.bouncycastle.jsse.fips.allowRSAKeyExchange] defaulted to: true
Jun. 22, 2022 4:14:54 P.M. org.bouncycastle.jsse.provider.PropertyUtils getBooleanSystemProperty
FINE: Boolean system property [org.bouncycastle.jsse.client.dh.disableDefaultSuites] defaulted to: false
Jun. 22, 2022 4:14:54 P.M. org.bouncycastle.jsse.provider.PropertyUtils getStringSecurityProperty
INFO: Found string security property [jdk.tls.disabledAlgorithms]: SSLv3, TLSv1, TLSv1.1, RC4, DES, MD5withRSA, DH keySize < 1024, EC keySize < 224, 3DES_EDE_CBC, anon, NULL, include jdk.disabled.namedCurves
Jun. 22, 2022 4:14:54 P.M. org.bouncycastle.jsse.provider.DisabledAlgorithmConstraints create
WARNING: Ignoring unsupported entry in 'jdk.tls.disabledAlgorithms': include jdk.disabled.namedCurves
Jun. 22, 2022 4:14:54 P.M. org.bouncycastle.jsse.provider.PropertyUtils getStringSecurityProperty
INFO: Found string security property [jdk.certpath.disabledAlgorithms]: MD2, MD5, SHA1 jdkCA & usage TLSServer, RSA keySize < 1024, DSA keySize < 1024, EC keySize < 224, include jdk.disabled.namedCurves
Jun. 22, 2022 4:14:54 P.M. org.bouncycastle.jsse.provider.DisabledAlgorithmConstraints create
WARNING: Ignoring unsupported entry in 'jdk.certpath.disabledAlgorithms': SHA1 jdkCA & usage TLSServer
Jun. 22, 2022 4:14:54 P.M. org.bouncycastle.jsse.provider.DisabledAlgorithmConstraints create
WARNING: Ignoring unsupported entry in 'jdk.certpath.disabledAlgorithms': include jdk.disabled.namedCurves
Jun. 22, 2022 4:14:54 P.M. org.bouncycastle.jsse.provider.PropertyUtils getBooleanSystemProperty
FINE: Boolean system property [org.bouncycastle.jsse.server.dh.disableDefaultSuites] defaulted to: false
Jun. 22, 2022 4:14:54 P.M. org.bouncycastle.jsse.provider.PropertyUtils getBooleanSecurityProperty
INFO: Found boolean security property [keystore.type.compat]: true
Jun. 22, 2022 4:14:54 P.M. org.bouncycastle.jsse.provider.PropertyUtils getStringSystemProperty
INFO: Found string system property [java.home]: /usr/lib/jvm/java-11-openjdk-amd64
Jun. 22, 2022 4:14:54 P.M. org.bouncycastle.jsse.provider.ProvTrustManagerFactorySpi getDefaultTrustStore
CONFIG: Initializing default trust store from path: /usr/lib/jvm/java-11-openjdk-amd64/lib/security/cacerts
Jun. 22, 2022 4:14:54 P.M. org.bouncycastle.jsse.provider.PropertyUtils getBooleanSystemProperty
FINE: Boolean system property [com.sun.net.ssl.checkRevocation] defaulted to: false
Jun. 22, 2022 4:14:54 P.M. org.bouncycastle.jsse.provider.PropertyUtils getBooleanSystemProperty
FINE: Boolean system property [org.bouncycastle.jsse.trustManager.checkEKU] defaulted to: true
Jun. 22, 2022 4:14:54 P.M. org.bouncycastle.jsse.provider.PropertyUtils getIntegerSystemProperty
FINE: Integer system property [javax.net.ssl.sessionCacheSize] defaulted to: 20480
Jun. 22, 2022 4:14:54 P.M. org.bouncycastle.jsse.provider.PropertyUtils getBooleanSystemProperty
FINE: Boolean system property [org.bouncycastle.jsse.ec.disableChar2] defaulted to: false
Jun. 22, 2022 4:14:54 P.M. org.bouncycastle.jsse.provider.PropertyUtils getBooleanSystemProperty
FINE: Boolean system property [org.bouncycastle.ec.disable_f2m] defaulted to: false
Jun. 22, 2022 4:14:54 P.M. org.bouncycastle.jsse.provider.PropertyUtils getBooleanSystemProperty
FINE: Boolean system property [jsse.enableFFDHE] defaulted to: true
Jun. 22, 2022 4:14:54 P.M. org.bouncycastle.jsse.provider.PropertyUtils getBooleanSystemProperty
FINE: Boolean system property [org.bouncycastle.jsse.client.dh.disableDefaultSuites] defaulted to: false
Jun. 22, 2022 4:14:54 P.M. org.bouncycastle.jsse.provider.PropertyUtils getBooleanSystemProperty
FINE: Boolean system property [org.bouncycastle.jsse.server.dh.disableDefaultSuites] defaulted to: false
Jun. 22, 2022 4:14:54 P.M. org.bouncycastle.jsse.provider.PropertyUtils getBooleanSystemProperty
FINE: Boolean system property [org.bouncycastle.jsse.client.assumeOriginalHostName] defaulted to: false
Jun. 22, 2022 4:14:54 P.M. org.bouncycastle.jsse.provider.PropertyUtils getBooleanSystemProperty
FINE: Boolean system property [jdk.tls.trustNameService] defaulted to: false
Jun. 22, 2022 4:14:55 P.M. org.bouncycastle.jsse.provider.PropertyUtils getBooleanSystemProperty
FINE: Boolean system property [org.bouncycastle.jsse.ec.disableChar2] defaulted to: false
Jun. 22, 2022 4:14:55 P.M. org.bouncycastle.jsse.provider.PropertyUtils getBooleanSystemProperty
FINE: Boolean system property [org.bouncycastle.ec.disable_f2m] defaulted to: false
Jun. 22, 2022 4:14:55 P.M. org.bouncycastle.jsse.provider.PropertyUtils getBooleanSystemProperty
FINE: Boolean system property [jsse.enableFFDHE] defaulted to: true
Jun. 22, 2022 4:14:55 P.M. chapter14.Protocol doServerSide
INFO: session started.
Jun. 22, 2022 4:14:55 P.M. org.bouncycastle.jsse.provider.PropertyUtils getBooleanSystemProperty
FINE: Boolean system property [org.bouncycastle.jsse.client.acceptRenegotiation] defaulted to: false
Jun. 22, 2022 4:14:55 P.M. org.bouncycastle.jsse.provider.PropertyUtils getIntegerSystemProperty
FINE: Integer system property [jdk.tls.ephemeralDHKeySize] defaulted to: 2048
Jun. 22, 2022 4:14:55 P.M. org.bouncycastle.jsse.provider.PropertyUtils getBooleanSystemProperty
FINE: Boolean system property [jdk.tls.server.enableCAExtension] defaulted to: true
Jun. 22, 2022 4:14:55 P.M. org.bouncycastle.jsse.provider.PropertyUtils getBooleanSystemProperty
FINE: Boolean system property [org.bouncycastle.jsse.server.enableSessionResumption] defaulted to: true
Jun. 22, 2022 4:14:55 P.M. org.bouncycastle.jsse.provider.PropertyUtils getBooleanSystemProperty
FINE: Boolean system property [org.bouncycastle.jsse.server.enableTrustedCAKeysExtension] defaulted to: false
Jun. 22, 2022 4:14:55 P.M. org.bouncycastle.jsse.provider.PropertyUtils getBooleanSystemProperty
FINE: Boolean system property [jdk.tls.client.enableCAExtension] defaulted to: false
Jun. 22, 2022 4:14:55 P.M. org.bouncycastle.jsse.provider.PropertyUtils getBooleanSystemProperty
FINE: Boolean system property [org.bouncycastle.jsse.client.enableSessionResumption] defaulted to: true
Jun. 22, 2022 4:14:55 P.M. org.bouncycastle.jsse.provider.PropertyUtils getBooleanSystemProperty
FINE: Boolean system property [jdk.tls.client.enableStatusRequestExtension] defaulted to: true
Jun. 22, 2022 4:14:55 P.M. org.bouncycastle.jsse.provider.PropertyUtils getBooleanSystemProperty
FINE: Boolean system property [org.bouncycastle.jsse.client.enableTrustedCAKeysExtension] defaulted to: false
Jun. 22, 2022 4:14:55 P.M. org.bouncycastle.jsse.provider.PropertyUtils getBooleanSystemProperty
FINE: Boolean system property [jsse.enableSNIExtension] defaulted to: true
Jun. 22, 2022 4:14:55 P.M. org.bouncycastle.jsse.provider.ProvTlsServer getServerVersion
FINE: Server selected protocol version: TLSv1.3
Jun. 22, 2022 4:14:55 P.M. org.bouncycastle.jsse.provider.ProvTlsServer notifySession
FINE: Server did not specify a session ID
Jun. 22, 2022 4:14:55 P.M. org.bouncycastle.jsse.provider.ProvTlsServer getSelectedCipherSuite
FINEST: Peer signature_algorithms: Ed25519 Ed448 SHA256withECDSA SHA384withECDSA SHA512withECDSA SHA256withECDSA SHA384withECDSA SHA512withECDSA SHA256withRSAandMGF1:RSASSA-PSS SHA384withRSAandMGF1:RSASSA-PSS SHA512withRSAandMGF1:RSASSA-PSS SHA256withRSAandMGF1:RSA SHA384withRSAandMGF1:RSA SHA512withRSAandMGF1:RSA SHA256withRSA SHA384withRSA SHA512withRSA SHA1withECDSA SHA1withRSA
Jun. 22, 2022 4:14:55 P.M. org.bouncycastle.jsse.provider.PropertyUtils getBooleanSystemProperty
FINE: Boolean system property [org.bouncycastle.jsse.keyManager.checkEKU] defaulted to: true
Jun. 22, 2022 4:14:55 P.M. org.bouncycastle.jsse.provider.ProvX509KeyManager getKeyTypeQuality
FINER: EE cert potentially usable for key type: EC/secp256r1
Jun. 22, 2022 4:14:55 P.M. org.bouncycastle.jsse.provider.ProvX509KeyManagerSimple chooseKeyBC
FINE: Found matching key of type: EC/secp256r1, from alias: key
Jun. 22, 2022 4:14:55 P.M. org.bouncycastle.jsse.provider.ProvTlsServer handleKeyManagerMisses
FINER: Server found no credentials for signature scheme 'ed25519(0x807)' (keyType 'Ed25519')
Jun. 22, 2022 4:14:55 P.M. org.bouncycastle.jsse.provider.ProvTlsServer handleKeyManagerMisses
FINER: Server found no credentials for signature scheme 'ed448(0x808)' (keyType 'Ed448')
Jun. 22, 2022 4:14:55 P.M. org.bouncycastle.jsse.provider.ProvTlsServer selectServerCredentials13
FINE: Server (1.3) selected credentials for signature scheme 'ecdsa_secp256r1_sha256(0x403)' (keyType 'EC/secp256r1'), with private key algorithm 'EC'
Jun. 22, 2022 4:14:55 P.M. org.bouncycastle.jsse.provider.ProvTlsServer getSelectedCipherSuite
FINE: Server selected cipher suite: TLS_AES_256_GCM_SHA384
Jun. 22, 2022 4:14:55 P.M. org.bouncycastle.jsse.provider.ProvTlsClient notifyServerVersion
FINE: Client notified of selected protocol version: TLSv1.3
Jun. 22, 2022 4:14:55 P.M. org.bouncycastle.jsse.provider.ProvTlsClient notifySessionID
FINE: Server did not specify a session ID
Jun. 22, 2022 4:14:55 P.M. org.bouncycastle.jsse.provider.ProvTlsClient notifySelectedCipherSuite
FINE: Client notified of selected cipher suite: TLS_AES_256_GCM_SHA384
Hello, worldJun. 22, 2022 4:14:55 P.M. org.bouncycastle.jsse.provider.ProvTlsServer notifyAlertRaised
FINE: Server raised warning(1) close_notify(0) alert: Connection closed
!
Jun. 22, 2022 4:14:55 P.M. chapter14.Protocol doServerSide
INFO: session closed.
